// Jest Snapshot v1, https://goo.gl/fbAQLP

exports[`getUsers Saga should dispatch the github rate limit error 1`] = `
Object {
  "@@redux-saga/IO": true,
  "combinator": false,
  "payload": Object {
    "args": Array [
      "http://localhost:3001/users",
    ],
    "context": null,
    "fn": [Function],
  },
  "type": "CALL",
}
`;

exports[`getUsers Saga should dispatch the github rate limit error 2`] = `
Object {
  "@@redux-saga/IO": true,
  "combinator": false,
  "payload": Object {
    "action": Object {
      "payload": undefined,
      "type": "users/usersLoaded",
    },
    "channel": undefined,
  },
  "type": "PUT",
}
`;

exports[`getUsers Saga should dispatch the github rate limit error 3`] = `undefined`;

exports[`getUsers Saga should dispatch the reposLoaded action if it requests the data successfully 1`] = `
Object {
  "@@redux-saga/IO": true,
  "combinator": false,
  "payload": Object {
    "args": Array [
      "http://localhost:3001/users",
    ],
    "context": null,
    "fn": [Function],
  },
  "type": "CALL",
}
`;

exports[`getUsers Saga should dispatch the reposLoaded action if it requests the data successfully 2`] = `
Object {
  "@@redux-saga/IO": true,
  "combinator": false,
  "payload": Object {
    "action": Object {
      "payload": undefined,
      "type": "users/usersLoaded",
    },
    "channel": undefined,
  },
  "type": "PUT",
}
`;

exports[`getUsers Saga should dispatch the reposLoaded action if it requests the data successfully 3`] = `undefined`;

exports[`getUsers Saga should dispatch the response error 1`] = `
Object {
  "@@redux-saga/IO": true,
  "combinator": false,
  "payload": Object {
    "args": Array [
      "http://localhost:3001/users",
    ],
    "context": null,
    "fn": [Function],
  },
  "type": "CALL",
}
`;

exports[`getUsers Saga should dispatch the response error 2`] = `
Object {
  "@@redux-saga/IO": true,
  "combinator": false,
  "payload": Object {
    "action": Object {
      "payload": undefined,
      "type": "users/usersLoaded",
    },
    "channel": undefined,
  },
  "type": "PUT",
}
`;

exports[`getUsers Saga should dispatch the response error 3`] = `undefined`;

exports[`getUsers Saga should dispatch the user has no repo error 1`] = `
Object {
  "@@redux-saga/IO": true,
  "combinator": false,
  "payload": Object {
    "args": Array [
      "http://localhost:3001/users",
    ],
    "context": null,
    "fn": [Function],
  },
  "type": "CALL",
}
`;

exports[`getUsers Saga should dispatch the user has no repo error 2`] = `
Object {
  "@@redux-saga/IO": true,
  "combinator": false,
  "payload": Object {
    "action": Object {
      "payload": undefined,
      "type": "users/usersLoaded",
    },
    "channel": undefined,
  },
  "type": "PUT",
}
`;

exports[`getUsers Saga should dispatch the user has no repo error 3`] = `undefined`;

exports[`getUsers Saga should dispatch the user not found error 1`] = `
Object {
  "@@redux-saga/IO": true,
  "combinator": false,
  "payload": Object {
    "args": Array [
      "http://localhost:3001/users",
    ],
    "context": null,
    "fn": [Function],
  },
  "type": "CALL",
}
`;

exports[`getUsers Saga should dispatch the user not found error 2`] = `
Object {
  "@@redux-saga/IO": true,
  "combinator": false,
  "payload": Object {
    "action": Object {
      "payload": undefined,
      "type": "users/usersLoaded",
    },
    "channel": undefined,
  },
  "type": "PUT",
}
`;

exports[`getUsers Saga should dispatch the user not found error 3`] = `undefined`;

exports[`getUsers Saga should return error if username is empty 1`] = `
Object {
  "@@redux-saga/IO": true,
  "combinator": false,
  "payload": Object {
    "args": Array [
      "http://localhost:3001/users",
    ],
    "context": null,
    "fn": [Function],
  },
  "type": "CALL",
}
`;

exports[`getUsers Saga should return error if username is empty 2`] = `
Object {
  "@@redux-saga/IO": true,
  "combinator": false,
  "payload": Object {
    "action": Object {
      "payload": undefined,
      "type": "users/usersLoaded",
    },
    "channel": undefined,
  },
  "type": "PUT",
}
`;
